go: downloading github.com/PuerkitoBio/goquery v1.11.0
go: downloading github.com/stretchr/testify v1.11.1
go: downloading github.com/google/uuid v1.6.0
go: downloading github.com/go-chi/chi/v5 v5.2.5
go: downloading github.com/lib/pq v1.11.2
go: downloading github.com/pressly/goose/v3 v3.27.0
go: downloading github.com/Masterminds/semver/v3 v3.5.0
go: downloading github.com/package-url/packageurl-go v0.1.5
go: downloading github.com/testcontainers/testcontainers-go v0.41.0
go: downloading github.com/testcontainers/testcontainers-go/modules/postgres v0.41.0
go: downloading github.com/swaggo/http-swagger v1.3.4
go: downloading github.com/anthropics/anthropic-sdk-go v1.26.0
go: downloading github.com/davecgh/go-spew v1.1.1
go: downloading github.com/pmezard/go-difflib v1.0.0
go: downloading github.com/andybalholm/cascadia v1.3.3
go: downloading golang.org/x/net v0.50.0
go: downloading github.com/sethvargo/go-retry v0.3.0
go: downloading go.uber.org/multierr v1.11.0
go: downloading github.com/swaggo/files v0.0.0-20220610200504-28940afbdbfe
go: downloading github.com/swaggo/swag v1.8.1
go: downloading dario.cat/mergo v1.0.2
go: downloading github.com/cenkalti/backoff/v4 v4.3.0
go: downloading github.com/containerd/errdefs v1.0.0
go: downloading github.com/containerd/platforms v0.2.1
go: downloading github.com/cpuguy83/dockercfg v0.3.2
go: downloading github.com/docker/docker v28.5.2+incompatible
go: downloading github.com/docker/go-connections v0.6.0
go: downloading github.com/moby/go-archive v0.2.0
go: downloading github.com/moby/patternmatcher v0.6.0
go: downloading github.com/moby/term v0.5.2
go: downloading github.com/opencontainers/image-spec v1.1.1
go: downloading golang.org/x/crypto v0.48.0
go: downloading github.com/tidwall/gjson v1.18.0
go: downloading golang.org/x/sync v0.19.0
go: downloading gopkg.in/yaml.v3 v3.0.1
go: downloading github.com/tidwall/sjson v1.2.5
go: downloading github.com/mfridman/interpolate v0.0.2
go: downloading github.com/KyleBanks/depth v1.2.1
go: downloading github.com/go-openapi/spec v0.20.6
go: downloading golang.org/x/tools v0.21.1-0.20240508182429-e35e4ccd0d2d
go: downloading github.com/containerd/log v0.1.0
go: downloading golang.org/x/sys v0.41.0
go: downloading github.com/moby/docker-image-spec v1.3.1
go: downloading github.com/opencontainers/go-digest v1.0.0
go: downloading github.com/docker/go-units v0.5.0
go: downloading github.com/morikuni/aec v1.0.0
go: downloading github.com/containerd/errdefs/pkg v0.3.0
go: downloading github.com/distribution/reference v0.6.0
go: downloading github.com/pkg/errors v0.9.1
go: downloading go.opentelemetry.io/contrib/instrumentation/net/http/otelhttp v0.65.0
go: downloading go.opentelemetry.io/otel/trace v1.41.0
go: downloading github.com/magiconair/properties v1.8.10
go: downloading go.opentelemetry.io/otel v1.41.0
go: downloading github.com/shirou/gopsutil/v4 v4.26.2
go: downloading github.com/moby/sys/sequential v0.6.0
go: downloading github.com/moby/sys/user v0.4.0
go: downloading github.com/moby/sys/userns v0.1.0
go: downloading github.com/tidwall/match v1.1.1
go: downloading github.com/tidwall/pretty v1.2.1
go: downloading github.com/sirupsen/logrus v1.9.3
go: downloading github.com/go-openapi/jsonpointer v0.19.5
go: downloading github.com/go-openapi/jsonreference v0.20.0
go: downloading github.com/go-openapi/swag v0.19.15
go: downloading github.com/felixge/httpsnoop v1.0.4
go: downloading go.opentelemetry.io/otel/metric v1.41.0
go: downloading github.com/klauspost/compress v1.18.4
go: downloading github.com/tklauser/go-sysconf v0.3.16
go: downloading github.com/mailru/easyjson v0.7.7
go: downloading gopkg.in/yaml.v2 v2.4.0
go: downloading github.com/go-logr/logr v1.4.3
go: downloading github.com/tklauser/numcpus v0.11.0
go: downloading github.com/josharian/intern v1.0.0
go: downloading github.com/go-logr/stdr v1.2.2
go: downloading go.opentelemetry.io/auto/sdk v1.2.1
go: downloading github.com/cespare/xxhash/v2 v2.3.0
?   	github.com/jmpberlin/nightwatch/backend/cmd/api	[no test files]
?   	github.com/jmpberlin/nightwatch/backend/docs	[no test files]
?   	github.com/jmpberlin/nightwatch/backend/internal/adapter/claude	[no test files]
=== RUN   TestSocketDevScraper_Name
--- PASS: TestSocketDevScraper_Name (0.00s)
=== RUN   TestSocketDevScraper_FetchArticles
--- PASS: TestSocketDevScraper_FetchArticles (0.02s)
=== RUN   TestSocketDevScraper_FiltersBySince
--- PASS: TestSocketDevScraper_FiltersBySince (0.00s)
=== RUN   TestSocketDevScraper_MultiplePostsPartialSuccess
2026/07/13 11:05:15 WARN socket.dev: failed to fetch article content url=http://127.0.0.1:40517/blog/bad-article err="unexpected status code: 404"
--- PASS: TestSocketDevScraper_MultiplePostsPartialSuccess (0.50s)
=== RUN   TestSocketDevScraper_NoAuthors
--- PASS: TestSocketDevScraper_NoAuthors (0.00s)
=== RUN   TestSocketDevScraper_ListingFetchError
--- PASS: TestSocketDevScraper_ListingFetchError (0.00s)
=== RUN   TestPortableTextToPlain
--- PASS: TestPortableTextToPlain (0.00s)
=== RUN   TestStripHTMLTags
=== RUN   TestStripHTMLTags/single_paragraph
=== RUN   TestStripHTMLTags/multiple_paragraphs
=== RUN   TestStripHTMLTags/nested_tags
=== RUN   TestStripHTMLTags/empty_input
--- PASS: TestStripHTMLTags (0.00s)
    --- PASS: TestStripHTMLTags/single_paragraph (0.00s)
    --- PASS: TestStripHTMLTags/multiple_paragraphs (0.00s)
    --- PASS: TestStripHTMLTags/nested_tags (0.00s)
    --- PASS: TestStripHTMLTags/empty_input (0.00s)
PASS
ok  	github.com/jmpberlin/nightwatch/backend/internal/adapter/crawler	0.531s
?   	github.com/jmpberlin/nightwatch/backend/internal/adapter/github	[no test files]
?   	github.com/jmpberlin/nightwatch/backend/internal/domain	[no test files]
?   	github.com/jmpberlin/nightwatch/backend/internal/handler	[no test files]
# github.com/jmpberlin/nightwatch/backend/internal/usecase [github.com/jmpberlin/nightwatch/backend/internal/usecase.test]
internal/usecase/match_vulnerabilities_test.go:195:3: cannot use &mockDependencyRepo{} (value of type *mockDependencyRepo) as DependencyRepository value in argument to NewMatchVulnerabilitiesUseCase: *mockDependencyRepo does not implement DependencyRepository (missing method GetByRepoIDPaginated)
internal/usecase/match_vulnerabilities_test.go:197:3: cannot use &mockMatchRepo{} (value of type *mockMatchRepo) as MatchRepository value in argument to NewMatchVulnerabilitiesUseCase: *mockMatchRepo does not implement MatchRepository (missing method GetByRepositoryIDPaginated)
2026/07/13 11:05:18 github.com/testcontainers/testcontainers-go - Connected to docker: 
  Server Version: 29.5.2
  API Version: 1.51
  Operating System: Ubuntu 24.04.4 LTS
  Total Memory: 7922 MB
  Testcontainers for Go Version: v0.41.0
  Resolved Docker Host: unix:///var/run/docker.sock
  Resolved Docker Socket Path: /var/run/docker.sock
  Test SessionID: e1a9eaec5cc5c5e88cd2a22c6a327cc39f02520e65e33bef0fe4e6744766f689
  Test ProcessID: 32f54a58-b4da-4863-baaf-2b7c4548166f
2026/07/13 11:05:18 No image auth found for https://index.docker.io/v1/. Setting empty credentials for the image: postgres:16. This is expected for public images. Details: credentials not found in native keychain
2026/07/13 11:05:34 🐳 Creating container for image postgres:16
2026/07/13 11:05:35 No image auth found for https://index.docker.io/v1/. Setting empty credentials for the image: testcontainers/ryuk:0.13.0. This is expected for public images. Details: credentials not found in native keychain
2026/07/13 11:05:38 🐳 Creating container for image testcontainers/ryuk:0.13.0
2026/07/13 11:05:38 ✅ Container created: 9f2aea5e245c
2026/07/13 11:05:38 🐳 Starting container: 9f2aea5e245c
2026/07/13 11:05:38 ✅ Container started: 9f2aea5e245c
2026/07/13 11:05:38 ⏳ Waiting for container id 9f2aea5e245c image: testcontainers/ryuk:0.13.0. Waiting for: port 8080/tcp to be listening
2026/07/13 11:05:39 Shell not found in container
2026/07/13 11:05:39 🔔 Container is ready: 9f2aea5e245c
2026/07/13 11:05:39 ✅ Container created: b0bf6a795985
2026/07/13 11:05:39 🐳 Starting container: b0bf6a795985
2026/07/13 11:05:39 ✅ Container started: b0bf6a795985
2026/07/13 11:05:39 ⏳ Waiting for container id b0bf6a795985 image: postgres:16. Waiting for: all of: [port 5432/tcp to be listening]
2026/07/13 11:05:40 🔔 Container is ready: b0bf6a795985
2026/07/13 11:05:40 OK   00001_create_articles.sql (1.95ms)
2026/07/13 11:05:40 OK   00002_create_vulnerabilities.sql (3ms)
2026/07/13 11:05:40 OK   00003_create_affected_technologies.sql (1.66ms)
2026/07/13 11:05:40 OK   00004_create_watched_repositories.sql (1.21ms)
2026/07/13 11:05:40 OK   00005_create_repository_dependencies.sql (2.46ms)
2026/07/13 11:05:40 OK   00006_create_matches.sql (2.04ms)
2026/07/13 11:05:40 OK   00007_add_match_evidence_fields.sql (608.13µs)
2026/07/13 11:05:40 goose: successfully migrated database to version: 7
=== RUN   TestMatchRepository_Save_AndRetrieve
--- PASS: TestMatchRepository_Save_AndRetrieve (0.00s)
=== RUN   TestMatchRepository_Save_EvidenceFields
--- PASS: TestMatchRepository_Save_EvidenceFields (0.00s)
=== RUN   TestMatchRepository_GetByRepositoryID_IsolatedByRepo
--- PASS: TestMatchRepository_GetByRepositoryID_IsolatedByRepo (0.00s)
=== RUN   TestMatchRepository_GetByStatus
--- PASS: TestMatchRepository_GetByStatus (0.00s)
=== RUN   TestMatchRepository_GetUnresolvedByRepositoryID
--- PASS: TestMatchRepository_GetUnresolvedByRepositoryID (0.00s)
=== RUN   TestMatchRepository_Save_DuplicateID_Ignored
--- PASS: TestMatchRepository_Save_DuplicateID_Ignored (0.00s)
=== RUN   TestMatchRepository_Save_DuplicateVulnAndPURL_Ignored
--- PASS: TestMatchRepository_Save_DuplicateVulnAndPURL_Ignored (0.00s)
=== RUN   TestMatchRepository_Save_DuplicateVulnAndComponentNoPURL_Ignored
--- PASS: TestMatchRepository_Save_DuplicateVulnAndComponentNoPURL_Ignored (0.00s)
=== RUN   TestMatchRepository_UpdateStatus_ToResolved
--- PASS: TestMatchRepository_UpdateStatus_ToResolved (0.00s)
=== RUN   TestMatchRepository_UpdateStatus_ClearsResolvedAt
--- PASS: TestMatchRepository_UpdateStatus_ClearsResolvedAt (0.00s)
=== RUN   TestVulnerabilityRepository_Save_CVEConflict
--- PASS: TestVulnerabilityRepository_Save_CVEConflict (0.00s)
=== RUN   TestVulnerabilityRepository_Save_NilCVE_NoConflict
--- PASS: TestVulnerabilityRepository_Save_NilCVE_NoConflict (0.00s)
PASS
ok  	github.com/jmpberlin/nightwatch/backend/internal/repository/postgres	22.319s
FAIL	github.com/jmpberlin/nightwatch/backend/internal/usecase [build failed]
?   	github.com/jmpberlin/nightwatch/backend/internal/utility	[no test files]
?   	github.com/jmpberlin/nightwatch/backend/migrations	[no test files]
FAIL
